<html>
<body>
<pre>
<h1>µVision Build Log</h1>
<h2>Project:</h2>
C:\Keil\Exemples\STM32F4-Discovery_FW_V1.1.0\Project\Peripheral_Examples\Project_1\MDK-ARM\IO_Toggle.uvproj
Project File Date:  02/05/2014

<h2>Output:</h2>
Build target 'IO_Toggle'
compiling system_stm32f4xx.c...
compiling main.c...
compiling stm32f4xx_it.c...
compiling stm32f4_discovery.c...
compiling stm32f4xx_rcc.c...
compiling misc.c...
compiling stm32f4xx_gpio.c...
compiling stm32f4xx_exti.c...
compiling stm32f4xx_syscfg.c...
linking...
Program Size: Code=764 RO-data=424 RW-data=8 ZI-data=1024  
".\IO_Toggle\IO_Toggle.axf" - 0 Errors, 0 Warning(s).
Load "C:\\Keil\\Exemples\\STM32F4-Discovery_FW_V1.1.0\\Project\\Peripheral_Examples\\Project_1\\MDK-ARM\\IO_Toggle\\IO_Toggle.axf" 
