<html>
<body>
<pre>
<h1>µVision Build Log</h1>
<h2>Project:</h2>
C:\Keil\Exemples\STM32F4-Discovery_FW_V1.1.0\Project\Peripheral_Examples\ProjetoLab2\MDK-ARM\Aula_Projeto_1.uvproj
Project File Date:  11/16/2017

<h2>Output:</h2>
Rebuild target 'Project_1'
compiling system_stm32f4xx.c...
compiling main.c...
compiling LED.c...
compiling stm32f4_discovery.c...
compiling stm32f4xx_adc.c...
compiling stm32f4xx_rcc.c...
compiling misc.c...
compiling stm32f4xx_gpio.c...
compiling stm32f4xx_exti.c...
compiling stm32f4xx_syscfg.c...
assembling startup_stm32f40xx.s...
linking...
Program Size: Code=1816 RO-data=460 RW-data=36 ZI-data=1052  
".\IO_Toggle\Project_1.axf" - 0 Errors, 0 Warning(s).
Load "C:\\Keil\\Exemples\\STM32F4-Discovery_FW_V1.1.0\\Project\\Peripheral_Examples\\ProjetoLab2\\MDK-ARM\\IO_Toggle\\Project_1.axf" 
Load "C:\\Keil\\Exemples\\STM32F4-Discovery_FW_V1.1.0\\Project\\Peripheral_Examples\\ProjetoLab2\\MDK-ARM\\IO_Toggle\\Project_1.axf" 
Erase Done.
Programming Done.
Verify OK.
Rebuild target 'Project_1'
compiling system_stm32f4xx.c...
compiling main.c...
compiling LED.c...
compiling stm32f4_discovery.c...
compiling stm32f4xx_adc.c...
compiling stm32f4xx_rcc.c...
compiling misc.c...
compiling stm32f4xx_gpio.c...
compiling stm32f4xx_exti.c...
compiling stm32f4xx_syscfg.c...
assembling startup_stm32f40xx.s...
linking...
Program Size: Code=1816 RO-data=460 RW-data=36 ZI-data=1052  
".\IO_Toggle\Project_1.axf" - 0 Errors, 0 Warning(s).
Load "C:\\Keil\\Exemples\\STM32F4-Discovery_FW_V1.1.0\\Project\\Peripheral_Examples\\ProjetoLab2\\MDK-ARM\\IO_Toggle\\Project_1.axf" 
Erase Done.
Programming Done.
Verify OK.
Rebuild target 'Project_1'
compiling system_stm32f4xx.c...
compiling main.c...
compiling LED.c...
compiling stm32f4_discovery.c...
compiling stm32f4xx_adc.c...
compiling stm32f4xx_rcc.c...
compiling misc.c...
compiling stm32f4xx_gpio.c...
compiling stm32f4xx_exti.c...
compiling stm32f4xx_syscfg.c...
assembling startup_stm32f40xx.s...
linking...
Program Size: Code=1816 RO-data=460 RW-data=36 ZI-data=1052  
".\IO_Toggle\Project_1.axf" - 0 Errors, 0 Warning(s).
Rebuild target 'Project_1'
compiling system_stm32f4xx.c...
compiling main.c...
compiling LED.c...
compiling stm32f4_discovery.c...
compiling stm32f4xx_adc.c...
compiling stm32f4xx_rcc.c...
compiling misc.c...
compiling stm32f4xx_gpio.c...
compiling stm32f4xx_exti.c...
compiling stm32f4xx_syscfg.c...
assembling startup_stm32f40xx.s...
linking...
Program Size: Code=1816 RO-data=460 RW-data=36 ZI-data=1052  
".\IO_Toggle\Project_1.axf" - 0 Errors, 0 Warning(s).
Load "C:\\Keil\\Exemples\\STM32F4-Discovery_FW_V1.1.0\\Project\\Peripheral_Examples\\ProjetoLab2\\MDK-ARM\\IO_Toggle\\Project_1.axf" 
Erase Done.
Programming Done.
Verify OK.
