<html>
<body>
<pre>
<h1>µVision Build Log</h1>
<h2>Project:</h2>
C:\Keil\Exemples\STM32F4-Discovery_FW_V1.1.0\Project\Peripheral_Examples\ambienteControlado\MDK-ARM\Aula_Projeto_1.uvproj
Project File Date:  12/07/2017

<h2>Output:</h2>
Rebuild target 'Project_1'
compiling system_stm32f4xx.c...
compiling main.c...
..\main.c(16): warning:  #1295-D: Deprecated declaration adc_convert - give arg types
..\main.c(17): warning:  #1295-D: Deprecated declaration configureGPIO - give arg types
..\main.c(18): warning:  #1295-D: Deprecated declaration configureADC - give arg types
compiling LED.c...
compiling stm32f4_discovery.c...
compiling stm32f4xx_adc.c...
compiling lcd.c...
..\lcd.c(125): warning:  #1-D: last line of file ends without a newline
compiling stm32f4xx_rcc.c...
compiling misc.c...
compiling stm32f4xx_gpio.c...
compiling stm32f4xx_exti.c...
compiling stm32f4xx_syscfg.c...
assembling startup_stm32f40xx.s...
linking...
Program Size: Code=3140 RO-data=460 RW-data=28 ZI-data=1052  
".\IO_Toggle\Project_1.axf" - 0 Errors, 4 Warning(s).
Load "C:\\Keil\\Exemples\\STM32F4-Discovery_FW_V1.1.0\\Project\\Peripheral_Examples\\ambienteControlado\\MDK-ARM\\IO_Toggle\\Project_1.axf" 
Load "C:\\Keil\\Exemples\\STM32F4-Discovery_FW_V1.1.0\\Project\\Peripheral_Examples\\ambienteControlado\\MDK-ARM\\IO_Toggle\\Project_1.axf" 
Load "C:\\Keil\\Exemples\\STM32F4-Discovery_FW_V1.1.0\\Project\\Peripheral_Examples\\ambienteControlado\\MDK-ARM\\IO_Toggle\\Project_1.axf" 
Rebuild target 'Project_1'
compiling system_stm32f4xx.c...
compiling main.c...
..\main.c(16): warning:  #1295-D: Deprecated declaration adc_convert - give arg types
..\main.c(17): warning:  #1295-D: Deprecated declaration configureGPIO - give arg types
..\main.c(18): warning:  #1295-D: Deprecated declaration configureADC - give arg types
compiling LED.c...
compiling stm32f4_discovery.c...
compiling stm32f4xx_adc.c...
compiling lcd.c...
..\lcd.c(125): warning:  #1-D: last line of file ends without a newline
compiling stm32f4xx_rcc.c...
compiling misc.c...
compiling stm32f4xx_gpio.c...
compiling stm32f4xx_exti.c...
compiling stm32f4xx_syscfg.c...
assembling startup_stm32f40xx.s...
linking...
Program Size: Code=3140 RO-data=460 RW-data=28 ZI-data=1052  
".\IO_Toggle\Project_1.axf" - 0 Errors, 4 Warning(s).
Rebuild target 'Project_1'
compiling system_stm32f4xx.c...
compiling main.c...
..\main.c(16): warning:  #1295-D: Deprecated declaration adc_convert - give arg types
..\main.c(17): warning:  #1295-D: Deprecated declaration configureGPIO - give arg types
..\main.c(18): warning:  #1295-D: Deprecated declaration configureADC - give arg types
compiling LED.c...
compiling stm32f4_discovery.c...
compiling stm32f4xx_adc.c...
compiling lcd.c...
..\lcd.c(125): warning:  #1-D: last line of file ends without a newline
compiling stm32f4xx_rcc.c...
compiling misc.c...
compiling stm32f4xx_gpio.c...
compiling stm32f4xx_exti.c...
compiling stm32f4xx_syscfg.c...
assembling startup_stm32f40xx.s...
linking...
Program Size: Code=3228 RO-data=500 RW-data=28 ZI-data=1052  
".\IO_Toggle\Project_1.axf" - 0 Errors, 4 Warning(s).
Load "C:\\Keil\\Exemples\\STM32F4-Discovery_FW_V1.1.0\\Project\\Peripheral_Examples\\ambienteControlado\\MDK-ARM\\IO_Toggle\\Project_1.axf" 
Load "C:\\Keil\\Exemples\\STM32F4-Discovery_FW_V1.1.0\\Project\\Peripheral_Examples\\ambienteControlado\\MDK-ARM\\IO_Toggle\\Project_1.axf" 
Load "C:\\Keil\\Exemples\\STM32F4-Discovery_FW_V1.1.0\\Project\\Peripheral_Examples\\ambienteControlado\\MDK-ARM\\IO_Toggle\\Project_1.axf" 
