<html>
<body>
<pre>
<h1>µVision Build Log</h1>
<h2>Project:</h2>
C:\Users\ferna\Documents\Projetos\ambienteControlado\MDK-ARM\ambienteControlado.uvproj
Project File Date:  12/14/2017

<h2>Output:</h2>
Build target 'ambienteControlado'
compiling main.c...
../Src/main.c(219): warning:  #550-D: variable "re" was set but never used
../Src/main.c(73): warning: C4017W: referencia may be used before being set
compiling gpio.c...
compiling adc.c...
linking...
Program Size: Code=8536 RO-data=460 RW-data=8 ZI-data=1168  
"ambienteControlado\ambienteControlado.axf" - 0 Errors, 2 Warning(s).
Build target 'ambienteControlado'
linking...
Program Size: Code=8536 RO-data=460 RW-data=8 ZI-data=1168  
"ambienteControlado\ambienteControlado.axf" - 0 Errors, 0 Warning(s).
Load "ambienteControlado\\ambienteControlado.axf" 
Erase Done.
Programming Done.
Verify OK.
Build target 'ambienteControlado'
compiling main.c...
../Src/main.c(73): warning: C4017W: referencia may be used before being set
linking...
Program Size: Code=8560 RO-data=460 RW-data=8 ZI-data=1168  
"ambienteControlado\ambienteControlado.axf" - 0 Errors, 1 Warning(s).
Load "ambienteControlado\\ambienteControlado.axf" 
Erase Done.
Programming Done.
Verify OK.
