<html>
<body>
<pre>
<h1>µVision Build Log</h1>
<h2>Project:</h2>
C:\Users\ferna\Documents\Projetos\ambienteControladoMain\ambienteControlado\MDK-ARM\ambienteControlado.uvproj
Project File Date:  02/15/2018

<h2>Output:</h2>
Build target 'ambienteControlado'
compiling main.c...
linking...
Program Size: Code=16092 RO-data=456 RW-data=28 ZI-data=1292  
"ambienteControlado\ambienteControlado.axf" - 0 Errors, 0 Warning(s).
Load "ambienteControlado\\ambienteControlado.axf" 
Erase Done.
Programming Done.
Verify OK.
Build target 'ambienteControlado'
compiling main.c...
linking...
Program Size: Code=16096 RO-data=456 RW-data=28 ZI-data=1292  
"ambienteControlado\ambienteControlado.axf" - 0 Errors, 0 Warning(s).
Build target 'ambienteControlado'
compiling main.c...
linking...
Program Size: Code=16092 RO-data=456 RW-data=28 ZI-data=1292  
"ambienteControlado\ambienteControlado.axf" - 0 Errors, 0 Warning(s).
Load "ambienteControlado\\ambienteControlado.axf" 
Erase Done.
Programming Failed!
Load "ambienteControlado\\ambienteControlado.axf" 
Erase Done.
Programming Done.
Verify OK.
Build target 'ambienteControlado'
compiling main.c...
linking...
Program Size: Code=16092 RO-data=456 RW-data=28 ZI-data=1292  
"ambienteControlado\ambienteControlado.axf" - 0 Errors, 0 Warning(s).
Load "ambienteControlado\\ambienteControlado.axf" 
Erase Done.
Programming Done.
Verify OK.
Build target 'ambienteControlado'
compiling main.c...
linking...
Program Size: Code=16092 RO-data=456 RW-data=28 ZI-data=1292  
"ambienteControlado\ambienteControlado.axf" - 0 Errors, 0 Warning(s).
Load "ambienteControlado\\ambienteControlado.axf" 
Erase Done.
Programming Done.
Verify OK.
Build target 'ambienteControlado'
compiling main.c...
linking...
Program Size: Code=16092 RO-data=456 RW-data=28 ZI-data=1292  
"ambienteControlado\ambienteControlado.axf" - 0 Errors, 0 Warning(s).
Load "ambienteControlado\\ambienteControlado.axf" 
Erase Done.
Programming Done.
Verify OK.
Build target 'ambienteControlado'
compiling main.c...
linking...
Program Size: Code=16092 RO-data=456 RW-data=28 ZI-data=1292  
"ambienteControlado\ambienteControlado.axf" - 0 Errors, 0 Warning(s).
Load "ambienteControlado\\ambienteControlado.axf" 
Erase Done.
Programming Done.
Verify OK.
Build target 'ambienteControlado'
compiling main.c...
linking...
Program Size: Code=16088 RO-data=456 RW-data=28 ZI-data=1292  
"ambienteControlado\ambienteControlado.axf" - 0 Errors, 0 Warning(s).
Build target 'ambienteControlado'
compiling main.c...
linking...
Program Size: Code=16088 RO-data=456 RW-data=28 ZI-data=1292  
"ambienteControlado\ambienteControlado.axf" - 0 Errors, 0 Warning(s).
Load "ambienteControlado\\ambienteControlado.axf" 
Erase Done.
Programming Done.
Verify OK.
Build target 'ambienteControlado'
compiling main.c...
../Src/main.c(83): warning: C4017W: pwm may be used before being set
linking...
Program Size: Code=16120 RO-data=456 RW-data=28 ZI-data=1292  
"ambienteControlado\ambienteControlado.axf" - 0 Errors, 1 Warning(s).
Load "ambienteControlado\\ambienteControlado.axf" 
Erase Done.
Programming Done.
Verify OK.
Build target 'ambienteControlado'
compiling main.c...
../Src/main.c(83): warning: C4017W: pwm may be used before being set
linking...
Program Size: Code=16120 RO-data=456 RW-data=28 ZI-data=1292  
"ambienteControlado\ambienteControlado.axf" - 0 Errors, 1 Warning(s).
Build target 'ambienteControlado'
compiling main.c...
../Src/main.c(122): warning: C4018W: division by zero: /
../Src/main.c(83): warning: C4017W: pwm may be used before being set
linking...
Program Size: Code=16088 RO-data=456 RW-data=28 ZI-data=1292  
"ambienteControlado\ambienteControlado.axf" - 0 Errors, 2 Warning(s).
Load "ambienteControlado\\ambienteControlado.axf" 
Erase Done.
Programming Done.
Verify OK.
Build target 'ambienteControlado'
compiling main.c...
../Src/main.c(122): warning: C4018W: division by zero: /
../Src/main.c(83): warning: C4017W: pwm may be used before being set
linking...
Program Size: Code=16128 RO-data=456 RW-data=28 ZI-data=1292  
"ambienteControlado\ambienteControlado.axf" - 0 Errors, 2 Warning(s).
Load "ambienteControlado\\ambienteControlado.axf" 
Erase Done.
Programming Done.
Verify OK.
